[lebastonus.mozello.fr/index.html]
[backblue.gif]
[fade.gif]
[index.html]
[lebastonus.mozello.com/index.html]
[lebastonus.mozello.com/regles/index.html]
[dss4hwpyv4qfp.cloudfront.net/designs/_shared/css/layout-shared85db.css]
[dss4hwpyv4qfp.cloudfront.net/designs/times/css/layout85db.css]
[dss4hwpyv4qfp.cloudfront.net/designs/times/css/editable85db.css]
[lebastonus.mozello.com/telecharger/index.html]
[lebastonus.mozello.fr/faviconcfcd.png]
[dss4hwpyv4qfp.cloudfront.net/libs/js/fancybox3/jquery.fancybox.min85db.css]
[ajax.googleapis.com/ajax/libs/jquery/2.2.4/jquery.min.js]
[dss4hwpyv4qfp.cloudfront.net/libs/js/fancybox3/jquery.fancybox.min85db.js]
[dss4hwpyv4qfp.cloudfront.net/libs/js/bannerplay/jquery.bannerplay85db.js]
[dss4hwpyv4qfp.cloudfront.net/libs/js/responsivevideos/jquery.responsivevideos85db.js]
[dss4hwpyv4qfp.cloudfront.net/designs/_shared/js/designfx85db.js]
[dss4hwpyv4qfp.cloudfront.net/libs/js/mozlive85db.js]
[site-1390491.mozfiles.com/files/1390491/medium/logo.png]
[site-1390491.mozfiles.com/files/1390491/banners/36532797/Medieval_Landscapebf1d.jpg]
[site-1390491.mozfiles.com/files/1390491/medium/Bastonus_logo04fe.png]
[lebastonus.mozello.fr/accueil/index.html]
[site-1390491.mozfiles.com/files/1390491/medium/logocacc.png]
[lebastonus.mozello.fr/index.html]
[lebastonus.mozello.fr/regles/index.html]
[lebastonus.mozello.fr/telecharger/index.html]
[lebastonus.mozello.com/faviconcfcd.png]
[lebastonus.mozello.com/index.html]
[site-1390491.mozfiles.com/files/1390491/Regles_du_Bastonus.jpg]
[lebastonus.mozello.com/regles/index.html]
[site-1390491.mozfiles.com/files/1390491/banners/36577623/Medieval_Landscapeb4b2.jpg]
[lebastonus.mozello.com/telecharger/index.html]
[fonts.googleapis.com/cssd03c.css]
[lebastonus.mozello.fr/accueil/index.html]
[lebastonus.mozello.fr/regles/index.html]
[lebastonus.mozello.fr/telecharger/index.html]
[lebastonus.mozello.fr/meduspods/index.html]
[lebastonus.mozello.com/accueil/index.html]
[lebastonus.mozello.com/accueil/index.html]
[lebastonus.mozello.com/meduspods/index.html]
[lebastonus.mozello.fr/faviconcfcd.png]
[dss4hwpyv4qfp.cloudfront.net/libs/icons/icon-arrow-left-white.svg]
[ajax.googleapis.com/ajax/libs/jquery/2.2.4/jquery.min.js]
[dss4hwpyv4qfp.cloudfront.net/libs/icons/icon-arrow-right-white.svg]
[dss4hwpyv4qfp.cloudfront.net/libs/icons/icon-check-green.svg]
[dss4hwpyv4qfp.cloudfront.net/designs/_shared/css/misc/spinner.gif]
[dss4hwpyv4qfp.cloudfront.net/designs/_shared/css/icons/icon-delete-gray.svg]
[dss4hwpyv4qfp.cloudfront.net/libs/icons/icon-find-grey.svg]
[dss4hwpyv4qfp.cloudfront.net/designs/_shared/css/layout-shared85db.css]
[dss4hwpyv4qfp.cloudfront.net/designs/times/css/layout85db.css]
[dss4hwpyv4qfp.cloudfront.net/designs/times/css/editable85db.css]
[lebastonus.mozello.com/faviconcfcd.png]
[dss4hwpyv4qfp.cloudfront.net/libs/js/fancybox3/jquery.fancybox.min85db.css]
[lebastonus.mozello.fr/regles/index.html]
[lebastonus.mozello.fr/meduspods/index.html]
[lebastonus.mozello.com/accueil/index.html]
[dss4hwpyv4qfp.cloudfront.net/libs/icons/icon-arrow-left-white.svg]
[dss4hwpyv4qfp.cloudfront.net/libs/icons/icon-arrow-right-white.svg]
[dss4hwpyv4qfp.cloudfront.net/libs/icons/icon-check-green.svg]
[dss4hwpyv4qfp.cloudfront.net/designs/_shared/css/icons/icon-delete-gray.svg]
[dss4hwpyv4qfp.cloudfront.net/libs/icons/icon-find-grey.svg]
